../Core/Src/main.c:81:5:main	8	static
../Core/Src/main.c:135:6:SystemClock_Config	96	static
../Core/Src/main.c:185:13:MX_ADC1_Init	48	static
../Core/Src/main.c:252:13:MX_I2C1_Init	8	static
../Core/Src/main.c:300:13:MX_TIM2_Init	48	static
../Core/Src/main.c:349:13:MX_USART2_UART_Init	8	static
../Core/Src/main.c:384:13:MX_GPIO_Init	48	static
../Core/Src/main.c:435:5:angle	24	static
../Core/Src/main.c:441:6:temp	48	static
../Core/Src/main.c:471:6:light	8	static
../Core/Src/main.c:485:6:door	8	static
../Core/Src/main.c:505:6:Error_Handler	4	static,ignoring_inline_asm
